{
  "version": "1.5.0",
  "plugins_used": [
    {
      "name": "ArtifactoryDetector"
    },
    {
      "name": "AWSKeyDetector"
    },
    {
      "name": "AzureStorageKeyDetector"
    },
    {
      "name": "Base64HighEntropyString",
      "limit": 4.5
    },
    {
      "name": "BasicAuthDetector"
    },
    {
      "name": "CloudantDetector"
    },
    {
      "name": "DiscordBotTokenDetector"
    },
    {
      "name": "GitHubTokenDetector"
    },
    {
      "name": "GitLabTokenDetector"
    },
    {
      "name": "HexHighEntropyString",
      "limit": 3.0
    },
    {
      "name": "IbmCloudIamDetector"
    },
    {
      "name": "IbmCosHmacDetector"
    },
    {
      "name": "IPPublicDetector"
    },
    {
      "name": "JwtTokenDetector"
    },
    {
      "name": "KeywordDetector",
      "keyword_exclude": ""
    },
    {
      "name": "MailchimpDetector"
    },
    {
      "name": "NpmDetector"
    },
    {
      "name": "OpenAIDetector"
    },
    {
      "name": "PrivateKeyDetector"
    },
    {
      "name": "PypiTokenDetector"
    },
    {
      "name": "SendGridDetector"
    },
    {
      "name": "SlackDetector"
    },
    {
      "name": "SoftlayerDetector"
    },
    {
      "name": "SquareOAuthDetector"
    },
    {
      "name": "StripeDetector"
    },
    {
      "name": "TelegramBotTokenDetector"
    },
    {
      "name": "TwilioKeyDetector"
    }
  ],
  "filters_used": [
    {
      "path": "detect_secrets.filters.allowlist.is_line_allowlisted"
    },
    {
      "path": "detect_secrets.filters.common.is_ignored_due_to_verification_policies",
      "min_level": 2
    },
    {
      "path": "detect_secrets.filters.heuristic.is_indirect_reference"
    },
    {
      "path": "detect_secrets.filters.heuristic.is_likely_id_string"
    },
    {
      "path": "detect_secrets.filters.heuristic.is_lock_file"
    },
    {
      "path": "detect_secrets.filters.heuristic.is_not_alphanumeric_string"
    },
    {
      "path": "detect_secrets.filters.heuristic.is_potential_uuid"
    },
    {
      "path": "detect_secrets.filters.heuristic.is_prefixed_with_dollar_sign"
    },
    {
      "path": "detect_secrets.filters.heuristic.is_sequential_string"
    },
    {
      "path": "detect_secrets.filters.heuristic.is_swagger_file"
    },
    {
      "path": "detect_secrets.filters.heuristic.is_templated_secret"
    },
    {
      "path": "detect_secrets.filters.regex.should_exclude_file",
      "pattern": [
        "(uv\\.lock|package-lock\\.json)$"
      ]
    }
  ],
  "results": {
    "atri-host\\atri-bridge-vst3\\src\\factory.rs": [
      {
        "type": "Hex High Entropy String",
        "filename": "atri-host\\atri-bridge-vst3\\src\\factory.rs",
        "hashed_secret": "ce4303f6b22257d9c9cf314ef1dee4707c6e1c13",
        "is_verified": false,
        "line_number": 1607
      }
    ],
    "atri-host\\atri-bridge-vst3\\src\\tests.rs": [
      {
        "type": "Hex High Entropy String",
        "filename": "atri-host\\atri-bridge-vst3\\src\\tests.rs",
        "hashed_secret": "ce4303f6b22257d9c9cf314ef1dee4707c6e1c13",
        "is_verified": false,
        "line_number": 148
      }
    ],
    "frontend\\src\\components\\music\\controllerLanes.test.js": [
      {
        "type": "Base64 High Entropy String",
        "filename": "frontend\\src\\components\\music\\controllerLanes.test.js",
        "hashed_secret": "dede71d7f9769eb9ac2a9a7986bed3ef60284d25",
        "is_verified": false,
        "line_number": 22
      }
    ],
    "tests\\test_config_schema.py": [
      {
        "type": "Secret Keyword",
        "filename": "tests\\test_config_schema.py",
        "hashed_secret": "e5e9fa1ba31ecd1ae84f75caaa474f3a663f05f4",
        "is_verified": false,
        "line_number": 133
      },
      {
        "type": "Secret Keyword",
        "filename": "tests\\test_config_schema.py",
        "hashed_secret": "ee1ec058ffaa1767d3890cd8e15a1d63841c78de",
        "is_verified": false,
        "line_number": 423
      }
    ],
    "tests\\test_dashboard_helpers.py": [
      {
        "type": "Secret Keyword",
        "filename": "tests\\test_dashboard_helpers.py",
        "hashed_secret": "e9a5f12a8ecbb3eb46eca5096b5c52aa5e7c9fdd",
        "is_verified": false,
        "line_number": 292
      },
      {
        "type": "Secret Keyword",
        "filename": "tests\\test_dashboard_helpers.py",
        "hashed_secret": "2a8e375b6526b12ce6ebe765e34f4e7a8dd91cfd",
        "is_verified": false,
        "line_number": 310
      },
      {
        "type": "Secret Keyword",
        "filename": "tests\\test_dashboard_helpers.py",
        "hashed_secret": "9f4ff7ba4edd109475b2260ce677ea9b9b376e76",
        "is_verified": false,
        "line_number": 340
      },
      {
        "type": "Secret Keyword",
        "filename": "tests\\test_dashboard_helpers.py",
        "hashed_secret": "8a77e925c2040ccca2e945532004f22c73bff4af",
        "is_verified": false,
        "line_number": 864
      },
      {
        "type": "Secret Keyword",
        "filename": "tests\\test_dashboard_helpers.py",
        "hashed_secret": "e5e9fa1ba31ecd1ae84f75caaa474f3a663f05f4",
        "is_verified": false,
        "line_number": 962
      }
    ],
    "tests\\test_knowledge_core.py": [
      {
        "type": "Secret Keyword",
        "filename": "tests\\test_knowledge_core.py",
        "hashed_secret": "e9a5f12a8ecbb3eb46eca5096b5c52aa5e7c9fdd",
        "is_verified": false,
        "line_number": 40
      }
    ],
    "tests\\test_lifecycle.py": [
      {
        "type": "Secret Keyword",
        "filename": "tests\\test_lifecycle.py",
        "hashed_secret": "3acfb2c2b433c0ea7ff107e33df91b18e52f960f",
        "is_verified": false,
        "line_number": 56
      }
    ],
    "tests\\test_pipeline_stages.py": [
      {
        "type": "Secret Keyword",
        "filename": "tests\\test_pipeline_stages.py",
        "hashed_secret": "3acfb2c2b433c0ea7ff107e33df91b18e52f960f",
        "is_verified": false,
        "line_number": 148
      },
      {
        "type": "Secret Keyword",
        "filename": "tests\\test_pipeline_stages.py",
        "hashed_secret": "8248a300605870dc9503a0af7cd2add13fb46bd7",
        "is_verified": false,
        "line_number": 172
      },
      {
        "type": "Secret Keyword",
        "filename": "tests\\test_pipeline_stages.py",
        "hashed_secret": "a47110e348a3063541fb1f1f640d635d457181a0",
        "is_verified": false,
        "line_number": 192
      },
      {
        "type": "Secret Keyword",
        "filename": "tests\\test_pipeline_stages.py",
        "hashed_secret": "e9a5f12a8ecbb3eb46eca5096b5c52aa5e7c9fdd",
        "is_verified": false,
        "line_number": 302
      }
    ],
    "tests\\test_web_search_tool.py": [
      {
        "type": "Basic Auth Credentials",
        "filename": "tests\\test_web_search_tool.py",
        "hashed_secret": "9d4e1e23bd5b727046a9e3b4b7db57bd8d6ee684",
        "is_verified": false,
        "line_number": 33
      }
    ]
  },
  "generated_at": "2026-06-03T07:13:18Z"
}